1: W0512 01:29:15.037000 287467 torch/distributed/run.py:852] 
1: W0512 01:29:15.037000 287467 torch/distributed/run.py:852] *****************************************
1: W0512 01:29:15.037000 287467 torch/distributed/run.py:852] Setting OMP_NUM_THREADS environment variable for each process to be 1 in default, to avoid your system being overloaded, please further tune the variable for optimal performance in your application as needed. 
1: W0512 01:29:15.037000 287467 torch/distributed/run.py:852] *****************************************
3: W0512 01:29:15.087000 89356 torch/distributed/run.py:852] 
3: W0512 01:29:15.087000 89356 torch/distributed/run.py:852] *****************************************
3: W0512 01:29:15.087000 89356 torch/distributed/run.py:852] Setting OMP_NUM_THREADS environment variable for each process to be 1 in default, to avoid your system being overloaded, please further tune the variable for optimal performance in your application as needed. 
3: W0512 01:29:15.087000 89356 torch/distributed/run.py:852] *****************************************
0: W0512 01:29:15.283000 188560 torch/distributed/run.py:852] 
0: W0512 01:29:15.283000 188560 torch/distributed/run.py:852] *****************************************
0: W0512 01:29:15.283000 188560 torch/distributed/run.py:852] Setting OMP_NUM_THREADS environment variable for each process to be 1 in default, to avoid your system being overloaded, please further tune the variable for optimal performance in your application as needed. 
0: W0512 01:29:15.283000 188560 torch/distributed/run.py:852] *****************************************
2: W0512 01:29:15.445000 135808 torch/distributed/run.py:852] 
2: W0512 01:29:15.445000 135808 torch/distributed/run.py:852] *****************************************
2: W0512 01:29:15.445000 135808 torch/distributed/run.py:852] Setting OMP_NUM_THREADS environment variable for each process to be 1 in default, to avoid your system being overloaded, please further tune the variable for optimal performance in your application as needed. 
2: W0512 01:29:15.445000 135808 torch/distributed/run.py:852] *****************************************
3: [default0]:/usr/bin/python: can't open file '/iopsstor/scratch/cscs/course_00326/gipfelsturm/test_infra.py': [Errno 2] No such file or directory
3: [default1]:/usr/bin/python: can't open file '/iopsstor/scratch/cscs/course_00326/gipfelsturm/test_infra.py': [Errno 2] No such file or directory
3: [default2]:/usr/bin/python: can't open file '/iopsstor/scratch/cscs/course_00326/gipfelsturm/test_infra.py': [Errno 2] No such file or directory
3: [default3]:/usr/bin/python: can't open file '/iopsstor/scratch/cscs/course_00326/gipfelsturm/test_infra.py': [Errno 2] No such file or directory
1: [default0]:/usr/bin/python: can't open file '/iopsstor/scratch/cscs/course_00326/gipfelsturm/test_infra.py': [Errno 2] No such file or directory
1: [default1]:/usr/bin/python: can't open file '/iopsstor/scratch/cscs/course_00326/gipfelsturm/test_infra.py': [Errno 2] No such file or directory
1: [default2]:/usr/bin/python: can't open file '/iopsstor/scratch/cscs/course_00326/gipfelsturm/test_infra.py': [Errno 2] No such file or directory
1: [default3]:/usr/bin/python: can't open file '/iopsstor/scratch/cscs/course_00326/gipfelsturm/test_infra.py': [Errno 2] No such file or directory
2: [default0]:/usr/bin/python: can't open file '/iopsstor/scratch/cscs/course_00326/gipfelsturm/test_infra.py': [Errno 2] No such file or directory
2: [default1]:/usr/bin/python: can't open file '/iopsstor/scratch/cscs/course_00326/gipfelsturm/test_infra.py': [Errno 2] No such file or directory
2: [default2]:/usr/bin/python: can't open file '/iopsstor/scratch/cscs/course_00326/gipfelsturm/test_infra.py': [Errno 2] No such file or directory
2: [default3]:/usr/bin/python: can't open file '/iopsstor/scratch/cscs/course_00326/gipfelsturm/test_infra.py': [Errno 2] No such file or directory
0: [default0]:/usr/bin/python: can't open file '/iopsstor/scratch/cscs/course_00326/gipfelsturm/test_infra.py': [Errno 2] No such file or directory
0: [default1]:/usr/bin/python: can't open file '/iopsstor/scratch/cscs/course_00326/gipfelsturm/test_infra.py': [Errno 2] No such file or directory
0: [default2]:/usr/bin/python: can't open file '/iopsstor/scratch/cscs/course_00326/gipfelsturm/test_infra.py': [Errno 2] No such file or directory
0: [default3]:/usr/bin/python: can't open file '/iopsstor/scratch/cscs/course_00326/gipfelsturm/test_infra.py': [Errno 2] No such file or directory
3: E0512 01:29:19.395000 89356 torch/distributed/elastic/multiprocessing/api.py:984] failed (exitcode: 2) local_rank: 0 (pid: 89859) of binary: /usr/bin/python
1: E0512 01:29:19.396000 287467 torch/distributed/elastic/multiprocessing/api.py:984] failed (exitcode: 2) local_rank: 0 (pid: 288000) of binary: /usr/bin/python
2: E0512 01:29:19.397000 135808 torch/distributed/elastic/multiprocessing/api.py:984] failed (exitcode: 2) local_rank: 0 (pid: 136331) of binary: /usr/bin/python
0: E0512 01:29:19.397000 188560 torch/distributed/elastic/multiprocessing/api.py:984] failed (exitcode: 2) local_rank: 0 (pid: 194857) of binary: /usr/bin/python
3: Traceback (most recent call last):
3:   File "/usr/local/bin/torchrun", line 7, in <module>
3:     sys.exit(main())
3:              ^^^^^^
3:   File "/usr/local/lib/python3.12/dist-packages/torch/distributed/elastic/multiprocessing/errors/__init__.py", line 362, in wrapper
3:     return f(*args, **kwargs)
3:            ^^^^^^^^^^^^^^^^^^
3:   File "/usr/local/lib/python3.12/dist-packages/torch/distributed/run.py", line 991, in main
3:     run(args)
3:   File "/usr/local/lib/python3.12/dist-packages/torch/distributed/run.py", line 982, in run
3:     elastic_launch(
3:   File "/usr/local/lib/python3.12/dist-packages/torch/distributed/launcher/api.py", line 170, in __call__
3:     return launch_agent(self._config, self._entrypoint, list(args))
3:            ^^^^^^^^^^^^^^^^^^^^^^^^^^^^^^^^^^^^^^^^^^^^^^^^^^^^^^^^
3:   File "/usr/local/lib/python3.12/dist-packages/torch/distributed/launcher/api.py", line 317, in launch_agent
3:     raise ChildFailedError(
3: torch.distributed.elastic.multiprocessing.errors.ChildFailedError: 
3: ============================================================
3: /iopsstor/scratch/cscs/course_00326/gipfelsturm/test_infra.py FAILED
3: ------------------------------------------------------------
3: Failures:
3: [1]:
3:   time      : 2026-05-12_01:29:19
3:   host      : nid007437
3:   rank      : 13 (local_rank: 1)
3:   exitcode  : 2 (pid: 89860)
3:   error_file: <N/A>
3:   traceback : To enable traceback see: https://pytorch.org/docs/stable/elastic/errors.html
3: [2]:
3:   time      : 2026-05-12_01:29:19
3:   host      : nid007437
3:   rank      : 14 (local_rank: 2)
3:   exitcode  : 2 (pid: 89861)
3:   error_file: <N/A>
3:   traceback : To enable traceback see: https://pytorch.org/docs/stable/elastic/errors.html
3: [3]:
3:   time      : 2026-05-12_01:29:19
3:   host      : nid007437
3:   rank      : 15 (local_rank: 3)
3:   exitcode  : 2 (pid: 89862)
3:   error_file: <N/A>
3:   traceback : To enable traceback see: https://pytorch.org/docs/stable/elastic/errors.html
3: -----------------------------------------------
3: -------------
3: Root Cause (first observed failure):
3: [0]:
3:   time      : 2026-05-12_01:29:19
3:   host      : nid007437
3:   rank      : 12 (local_rank: 0)
3:   exitcode  : 2 (pid: 89859)
3:   error_file: <N/A>
3:   traceback : To enable traceback see: https://pytorch.org/docs/stable/elastic/errors.html
3: ============================================================
1: Traceback (most recent call last):
1:   File "/usr/local/bin/torchrun", line 7, in <module>
1:     sys.exit(main())
1:              ^^^^^^
1:   File "/usr/local/lib/python3.12/dist-packages/torch/distributed/elastic/multiprocessing/errors/__init__.py", line 362, in wrapper
1:     return f(*args, **kwargs)
1:            ^^^^^^^^^^^^^^^^^^
1:   File "/usr/local/lib/python3.12/dist-packages/torch/distributed/run.py", line 991, in main
1:     run(args)
1:   File "/usr/local/lib/python3.12/dist-packages/torch/distributed/run.py", line 982, in run
1:     elastic_launch(
1:   File "/usr/local/lib/python3.12/dist-packages/torch/distributed/launcher/api.py", line 170, in __call__
1:     return launch_agent(self._config, self._entrypoint, list(args))
1:            ^^^^^^^^^^^^^^^^^^^^^^^^^^^^^^^^^^^^^^^^^^^^^^^^^^^^^^^^
1:   File "/usr/local/lib/python3.12/dist-packages/torch/distributed/launcher/api.py", line 317, in launch_agent
1:     raise ChildFailedError(
1: torch.distributed.elastic.multiprocessing.errors.ChildFailedError: 
1: ============================================================
1: /iopsstor/scratch/cscs/course_00326/gipfelsturm/test_infra.py FAILED
1: ------------------------------------------------------------
1: Failures:
1: [1]:
1:   time      : 2026-05-12_01:29:19
1:   host      : nid007407
1:   rank      : 5 (local_rank: 1)
1:   exitcode  : 2 (pid: 288001)
1:   error_file: <N/A>
1:   traceback : To enable traceback see: https://pytorch.org/docs/stable/elastic/errors.html
1: [2]:
1:   time      : 2026-05-12_01:29:19
1:   host      : nid007407
1:   rank      : 6 (local_rank: 2)
1:   exitcode  : 2 (pid: 288002)
1:   error_file: <N/A>
1:   traceback : To enable traceback see: https://pytorch.org/docs/stable/elastic/errors.html
1: [3]:
1:   time      : 2026-05-12_01:29:19
1:   host      : nid007407
1:   rank      : 7 (local_rank: 3)
1:   exitcode  : 2 (pid: 288003)
1:   error_file: <N/A>
1:   traceback : To enable traceback see: https://pytorch.org/docs/stable/elastic/errors.html
1: -----------------------------------------------
1: -------------
1: Root Cause (first observed failure):
1: [0]:
1:   time      : 2026-05-12_01:29:19
1:   host      : nid007407
1:   rank      : 4 (local_rank: 0)
1:   exitcode  : 2 (pid: 288000)
1:   error_file: <N/A>
1:   traceback : To enable traceback see: https://pytorch.org/docs/stable/elastic/errors.html
1: ============================================================
2: Traceback (most recent call last):
2:   File "/usr/local/bin/torchrun", line 7, in <module>
2:     sys.exit(main())
2:              ^^^^^^
2:   File "/usr/local/lib/python3.12/dist-packages/torch/distributed/elastic/multiprocessing/errors/__init__.py", line 362, in wrapper
2:     return f(*args, **kwargs)
2:            ^^^^^^^^^^^^^^^^^^
2:   File "/usr/local/lib/python3.12/dist-packages/torch/distributed/run.py", line 991, in main
2:     run(args)
2:   File "/usr/local/lib/python3.12/dist-packages/torch/distributed/run.py", line 982, in run
2:     elastic_launch(
2:   File "/usr/local/lib/python3.12/dist-packages/torch/distributed/launcher/api.py", line 170, in __call__
2:     return launch_agent(self._config, self._entrypoint, list(args))
2:            ^^^^^^^^^^^^^^^^^^^^^^^^^^^^^^^^^^^^^^^^^^^^^^^^^^^^^^^^
2:   File "/usr/local/lib/python3.12/dist-packages/torch/distributed/launcher/api.py", line 317, in launch_agent
2:     raise ChildFailedError(
2: torch.distributed.elastic.multiprocessing.errors.ChildFailedError: 
2: ============================================================
2: /iopsstor/scratch/cscs/course_00326/gipfelsturm/test_infra.py FAILED
2: ------------------------------------------------------------
2: Failures:
2: [1]:
2:   time      : 2026-05-12_01:29:19
2:   host      : nid007433
2:   rank      : 9 (local_rank: 1)
2:   exitcode  : 2 (pid: 136332)
2:   error_file: <N/A>
2:   traceback : To enable traceback see: https://pytorch.org/docs/stable/elastic/errors.html
2: [2]:
2:   time      : 2026-05-12_01:29:19
2:   host      : nid007433
2:   rank      : 10 (local_rank: 2)
2:   exitcode  : 2 (pid: 136333)
2:   error_file: <N/A>
2:   traceback : To enable traceback see: https://pytorch.org/docs/stable/elastic/errors.html
2: [3]:
2:   time      : 2026-05-12_01:29:19
2:   host      : nid007433
2:   rank      : 11 (local_rank: 3)
2:   exitcode  : 2 (pid: 136334)
2:   error_file: <N/A>
2:   traceback : To enable traceback see: https://pytorch.org/docs/stable/elastic/errors.html
2: ---------------------------------------------
2: ---------------
2: Root Cause (first observed failure):
2: [0]:
2:   time      : 2026-05-12_01:29:19
2:   host      : nid007433
2:   rank      : 8 (local_rank: 0)
2:   exitcode  : 2 (pid: 136331)
2:   error_file: <N/A>
2:   traceback : To enable traceback see: https://pytorch.org/docs/stable/elastic/errors.html
2: ============================================================
0: Traceback (most recent call last):
0:   File "/usr/local/bin/torchrun", line 7, in <module>
0:     sys.exit(main())
0:              ^^^^^^
0:   File "/usr/local/lib/python3.12/dist-packages/torch/distributed/elastic/multiprocessing/errors/__init__.py", line 362, in wrapper
0:     return f(*args, **kwargs)
0:            ^^^^^^^^^^^^^^^^^^
0:   File "/usr/local/lib/python3.12/dist-packages/torch/distributed/run.py", line 991, in main
0:     run(args)
0:   File "/usr/local/lib/python3.12/dist-packages/torch/distributed/run.py", line 982, in run
0:     elastic_launch(
0:   File "/usr/local/lib/python3.12/dist-packages/torch/distributed/launcher/api.py", line 170, in __call__
0:     return launch_agent(self._config, self._entrypoint, list(args))
0:            ^^^^^^^^^^^^^^^^^^^^^^^^^^^^^^^^^^^^^^^^^^^^^^^^^^^^^^^^
0:   File "/usr/local/lib/python3.12/dist-packages/torch/distributed/launcher/api.py", line 317, in launch_agent
0:     raise ChildFailedError(
0: torch.distributed.elastic.multiprocessing.errors.ChildFailedError: 
0: ============================================================
0: /iopsstor/scratch/cscs/course_00326/gipfelsturm/test_infra.py FAILED
0: ------------------------------------------------------------
0: Failures:
0: [1]:
0:   time      : 2026-05-12_01:29:19
0:   host      : nid006934
0:   rank      : 1 (local_rank: 1)
0:   exitcode  : 2 (pid: 194858)
0:   error_file: <N/A>
0:   traceback : To enable traceback see: https://pytorch.org/docs/stable/elastic/errors.html
0: [2]:
0:   time      : 2026-05-12_01:29:19
0:   host      : nid006934
0:   rank      : 2 (local_rank: 2)
0:   exitcode  : 2 (pid: 194859)
0:   error_file: <N/A>
0:   traceback : To enable traceback see: https://pytorch.org/docs/stable/elastic/errors.html
0: [3]:
0:   time      : 2026-05-12_01:29:19
0:   host      : nid006934
0:   rank      : 3 (local_rank: 3)
0:   exitcode  : 2 (pid: 194860)
0:   error_file: <N/A>
0:   traceback : To enable traceback see: https://pytorch.org/docs/stable/elastic/errors.html
0: -----------------------------------------------
0: -------------
0: Root Cause (first observed failure):
0: [0]:
0:   time      : 2026-05-12_01:29:19
0:   host      : nid006934
0:   rank      : 0 (local_rank: 0)
0:   exitcode  : 2 (pid: 194857)
0:   error_file: <N/A>
0:   traceback : To enable traceback see: https://pytorch.org/docs/stable/elastic/errors.html
0: ============================================================
srun: error: nid007407: task 1: Exited with exit code 1
srun: Terminating StepId=2127673.0
srun: error: nid007433: task 2: Exited with exit code 1
0: slurmstepd: error: *** STEP 2127673.0 ON nid006934 CANCELLED AT 2026-05-12T01:29:19 ***
srun: error: nid007437: task 3: Exited with exit code 1
srun: error: nid006934: task 0: Exited with exit code 1
