3: W0512 01:50:00.907000 188834 torch/distributed/run.py:852] 
3: W0512 01:50:00.907000 188834 torch/distributed/run.py:852] *****************************************
3: W0512 01:50:00.907000 188834 torch/distributed/run.py:852] Setting OMP_NUM_THREADS environment variable for each process to be 1 in default, to avoid your system being overloaded, please further tune the variable for optimal performance in your application as needed. 
3: W0512 01:50:00.907000 188834 torch/distributed/run.py:852] *****************************************
2: W0512 01:50:01.920000 169054 torch/distributed/run.py:852] 
2: W0512 01:50:01.920000 169054 torch/distributed/run.py:852] *****************************************
2: W0512 01:50:01.920000 169054 torch/distributed/run.py:852] Setting OMP_NUM_THREADS environment variable for each process to be 1 in default, to avoid your system being overloaded, please further tune the variable for optimal performance in your application as needed. 
2: W0512 01:50:01.920000 169054 torch/distributed/run.py:852] *****************************************
1: W0512 01:50:02.239000 20435 torch/distributed/run.py:852] 
1: W0512 01:50:02.239000 20435 torch/distributed/run.py:852] *****************************************
1: W0512 01:50:02.239000 20435 torch/distributed/run.py:852] Setting OMP_NUM_THREADS environment variable for each process to be 1 in default, to avoid your system being overloaded, please further tune the variable for optimal performance in your application as needed. 
1: W0512 01:50:02.239000 20435 torch/distributed/run.py:852] *****************************************
0: W0512 01:50:02.840000 222808 torch/distributed/run.py:852] 
0: W0512 01:50:02.840000 222808 torch/distributed/run.py:852] *****************************************
0: W0512 01:50:02.840000 222808 torch/distributed/run.py:852] Setting OMP_NUM_THREADS environment variable for each process to be 1 in default, to avoid your system being overloaded, please further tune the variable for optimal performance in your application as needed. 
0: W0512 01:50:02.840000 222808 torch/distributed/run.py:852] *****************************************
0: [default1]:[W512 01:50:09.842819079 ProcessGroupNCCL.cpp:941] Warning: TORCH_NCCL_AVOID_RECORD_STREAMS is the default now, this environment variable is thus deprecated. (function operator())
3: [default0]:[W512 01:50:09.923446290 ProcessGroupNCCL.cpp:941] Warning: TORCH_NCCL_AVOID_RECORD_STREAMS is the default now, this environment variable is thus deprecated. (function operator())
3: [default1]:[W512 01:50:10.108122638 ProcessGroupNCCL.cpp:941] Warning: TORCH_NCCL_AVOID_RECORD_STREAMS is the default now, this environment variable is thus deprecated. (function operator())
2: [default2]:[W512 01:50:10.381162036 ProcessGroupNCCL.cpp:941] Warning: TORCH_NCCL_AVOID_RECORD_STREAMS is the default now, this environment variable is thus deprecated. (function operator())
1: [default2]:[W512 01:50:10.686364460 ProcessGroupNCCL.cpp:941] Warning: TORCH_NCCL_AVOID_RECORD_STREAMS is the default now, this environment variable is thus deprecated. (function operator())
3: [default2]:[W512 01:50:10.283173324 ProcessGroupNCCL.cpp:941] Warning: TORCH_NCCL_AVOID_RECORD_STREAMS is the default now, this environment variable is thus deprecated. (function operator())
3: [default3]:[W512 01:50:10.292842377 ProcessGroupNCCL.cpp:941] Warning: TORCH_NCCL_AVOID_RECORD_STREAMS is the default now, this environment variable is thus deprecated. (function operator())
2: [default0]:[W512 01:50:10.590160280 ProcessGroupNCCL.cpp:941] Warning: TORCH_NCCL_AVOID_RECORD_STREAMS is the default now, this environment variable is thus deprecated. (function operator())
0: [default0]:[W512 01:50:10.780640769 ProcessGroupNCCL.cpp:941] Warning: TORCH_NCCL_AVOID_RECORD_STREAMS is the default now, this environment variable is thus deprecated. (function operator())
2: [default1]:[W512 01:50:10.578894432 ProcessGroupNCCL.cpp:941] Warning: TORCH_NCCL_AVOID_RECORD_STREAMS is the default now, this environment variable is thus deprecated. (function operator())
0: [default2]:[W512 01:50:10.786580342 ProcessGroupNCCL.cpp:941] Warning: TORCH_NCCL_AVOID_RECORD_STREAMS is the default now, this environment variable is thus deprecated. (function operator())
1: [default0]:[W512 01:50:10.854619933 ProcessGroupNCCL.cpp:941] Warning: TORCH_NCCL_AVOID_RECORD_STREAMS is the default now, this environment variable is thus deprecated. (function operator())
0: [default3]:[W512 01:50:10.780123408 ProcessGroupNCCL.cpp:941] Warning: TORCH_NCCL_AVOID_RECORD_STREAMS is the default now, this environment variable is thus deprecated. (function operator())
1: [default3]:[W512 01:50:10.865288625 ProcessGroupNCCL.cpp:941] Warning: TORCH_NCCL_AVOID_RECORD_STREAMS is the default now, this environment variable is thus deprecated. (function operator())
2: [default3]:[W512 01:50:10.746986697 ProcessGroupNCCL.cpp:941] Warning: TORCH_NCCL_AVOID_RECORD_STREAMS is the default now, this environment variable is thus deprecated. (function operator())
1: [default1]:[W512 01:50:10.169029674 ProcessGroupNCCL.cpp:941] Warning: TORCH_NCCL_AVOID_RECORD_STREAMS is the default now, this environment variable is thus deprecated. (function operator())
3: [default0]:[rank12]:[W512 01:50:10.745569037 ProcessGroupNCCL.cpp:5163] Guessing device ID based on global rank. This can cause a hang if rank to GPU mapping is heterogeneous. You can specify device_id in init_process_group()
0: [default0]:Nodes: 4
0: [default0]:GPUs: 16
0: [default0]:Device: NVIDIA GH200 120GB
0: [default0]:PyTorch: 2.10.0a0+a36e1d39eb.nv26.01.42222806
0: [default0]:NCCL: (2, 29, 2)
2: [default0]:[rank8]:[W512 01:50:10.252535520 ProcessGroupNCCL.cpp:5163] Guessing device ID based on global rank. This can cause a hang if rank to GPU mapping is heterogeneous. You can specify device_id in init_process_group()
0: [default0]:/usr/local/lib/python3.12/dist-packages/torch/distributed/c10d_logger.py:83: UserWarning: barrier(): using the device under current context. You can specify `device_id` in `init_process_group` to mute this warning.
0: [default0]:  return func(*args, **kwargs)
0: [default0]:[rank0]:[W512 01:50:10.359261793 ProcessGroupNCCL.cpp:5163] Guessing device ID based on global rank. This can cause a hang if rank to GPU mapping is heterogeneous. You can specify device_id in init_process_group()
1: [default0]:[rank4]:[W512 01:50:10.530103514 ProcessGroupNCCL.cpp:5163] Guessing device ID based on global rank. This can cause a hang if rank to GPU mapping is heterogeneous. You can specify device_id in init_process_group()
0: [default0]:
0: [default0]:--- Intra-node (4 GPUs) ---
0: [default0]:        Size   Latency (ms)    Bus BW (GB/s)
0: [default0]:      128 MB            0.7            308.5
0: [default0]:      256 MB            1.3            316.8
0: [default0]:      512 MB            2.5            321.8
0: [default0]:        1 GB            5.0            323.5
0: [default0]:        2 GB           10.0            322.6
0: [default0]:        4 GB           20.0            322.1
0: [default0]:        8 GB           40.1            321.3
0: [default0]:       16 GB           80.0            321.9
0: [default0]:
0: [default0]:--- Inter-node (16 GPUs, 4 nodes) ---
0: [default0]:        Size   Latency (ms)    Bus BW (GB/s)
0: [default0]:      128 MB            3.5             72.7
0: [default0]:      256 MB            7.1             71.1
0: [default0]:      512 MB           14.0             71.7
0: [default0]:        1 GB           28.4             71.0
0: [default0]:        2 GB           56.7             71.0
0: [default0]:        4 GB          113.5             71.0
0: [default0]:        8 GB          227.0             71.0
0: [default0]:       16 GB          453.8             71.0
0: [default0]:
0: [default0]:Infra test passed.
